MPLINK 4.44, Linker
Linker Map File - Created Fri Aug 26 20:23:59 2016

                                 Section Info
                  Section       Type    Address   Location Size(Bytes)
                ---------  ---------  ---------  ---------  ---------
                     boot       code   0x000000    program   0x000008
                      isr       code   0x000004    program   0x000096
                   .cinit    romdata   0x00004f    program   0x000004
                    .code       code   0x000051    program   0x0001ae
                   idlocs       code   0x002000    program   0x000008
               configword       code   0x002007    program   0x000002
                   .udata      udata   0x000020       data   0x000003
               .udata_shr      udata   0x000070       data   0x000003



                              Program Memory Usage 
                               Start         End      
                           ---------   ---------      
                            0x000000    0x000127      
                            0x002000    0x002003      
                            0x002007    0x002007      
            301 out of 4359 program addresses used, program memory utilization is 6%



                              Symbols - Sorted by Name
                     Name    Address   Location    Storage File                     
                ---------  ---------  ---------  --------- ---------                
               breadboard   0x000062    program     static ../Main.asm              
 delayNominalMilliseconds   0x0000e7    program     static ../Main.asm              
      delayOneMillisecond   0x0000e8    program     static ../Main.asm              
  delayOneMillisecondLoop   0x0000e9    program     static ../Main.asm              
     delayTenMicroseconds   0x0000f6    program     static ../Main.asm              
                 endOfIsr   0x00004b    program     static ../Isr.asm               
              idleCurrent   0x000042    program     static ../Isr.asm               
initialiseAfterBrownOutReset   0x000051    program     extern ../BrownOutReset.asm     
initialiseAfterPowerOnReset   0x000057    program     extern ../PowerOnReset.asm      
            isrInitialise   0x000121    program     extern ../Isr.asm               
        lcdDacFallingEdge   0x000018    program     static ../Isr.asm               
         lcdDacRisingEdge   0x00001c    program     static ../Isr.asm               
 lcdDacValueGtOrEqToError   0x000022    program     static ../Isr.asm               
       lcdDacValueLtError   0x00002b    program     static ../Isr.asm               
       lcdEnterNibbleMode   0x0000b6    program     static ../Main.asm              
           lcdPulseEnable   0x00011b    program     static ../Main.asm              
               lcdResetD4   0x00010b    program     static ../Main.asm              
               lcdResetD5   0x000110    program     static ../Main.asm              
               lcdResetD6   0x000115    program     static ../Main.asm              
               lcdResetD7   0x00011a    program     static ../Main.asm              
               lcdResetRs   0x000104    program     static ../Main.asm              
            lcdSendNibble   0x0000fd    program     static ../Main.asm              
                 lcdSetD4   0x000109    program     static ../Main.asm              
                 lcdSetD5   0x00010e    program     static ../Main.asm              
                 lcdSetD6   0x000113    program     static ../Main.asm              
                 lcdSetD7   0x000118    program     static ../Main.asm              
                 lcdSetRs   0x000100    program     static ../Main.asm              
                lcdTestD4   0x000107    program     static ../Main.asm              
                lcdTestD5   0x00010c    program     static ../Main.asm              
                lcdTestD6   0x000111    program     static ../Main.asm              
                lcdTestD7   0x000116    program     static ../Main.asm              
                     loop   0x0000b5    program     static ../Main.asm              
                     main   0x00005d    program     extern ../Main.asm              
         reactToAdcSample   0x000033    program     static ../Isr.asm               
             stallCurrent   0x000047    program     static ../Isr.asm               
      contextSavingStatus   0x000072       data     static ../Isr.asm               
           contextSavingW   0x000071       data     static ../Isr.asm               
              lcdDacError   0x000021       data     static ../Isr.asm               
         lcdDacTimingEdge   0x000022       data     static ../Isr.asm               
              lcdDacValue   0x000020       data     static ../Isr.asm               
                    wTemp   0x000070       data     static ../Main.asm              



                              Symbols - Sorted by Address
                     Name    Address   Location    Storage File                     
                ---------  ---------  ---------  --------- ---------                
        lcdDacFallingEdge   0x000018    program     static ../Isr.asm               
         lcdDacRisingEdge   0x00001c    program     static ../Isr.asm               
 lcdDacValueGtOrEqToError   0x000022    program     static ../Isr.asm               
       lcdDacValueLtError   0x00002b    program     static ../Isr.asm               
         reactToAdcSample   0x000033    program     static ../Isr.asm               
              idleCurrent   0x000042    program     static ../Isr.asm               
             stallCurrent   0x000047    program     static ../Isr.asm               
                 endOfIsr   0x00004b    program     static ../Isr.asm               
initialiseAfterBrownOutReset   0x000051    program     extern ../BrownOutReset.asm     
initialiseAfterPowerOnReset   0x000057    program     extern ../PowerOnReset.asm      
                     main   0x00005d    program     extern ../Main.asm              
               breadboard   0x000062    program     static ../Main.asm              
                     loop   0x0000b5    program     static ../Main.asm              
       lcdEnterNibbleMode   0x0000b6    program     static ../Main.asm              
 delayNominalMilliseconds   0x0000e7    program     static ../Main.asm              
      delayOneMillisecond   0x0000e8    program     static ../Main.asm              
  delayOneMillisecondLoop   0x0000e9    program     static ../Main.asm              
     delayTenMicroseconds   0x0000f6    program     static ../Main.asm              
            lcdSendNibble   0x0000fd    program     static ../Main.asm              
                 lcdSetRs   0x000100    program     static ../Main.asm              
               lcdResetRs   0x000104    program     static ../Main.asm              
                lcdTestD4   0x000107    program     static ../Main.asm              
                 lcdSetD4   0x000109    program     static ../Main.asm              
               lcdResetD4   0x00010b    program     static ../Main.asm              
                lcdTestD5   0x00010c    program     static ../Main.asm              
                 lcdSetD5   0x00010e    program     static ../Main.asm              
               lcdResetD5   0x000110    program     static ../Main.asm              
                lcdTestD6   0x000111    program     static ../Main.asm              
                 lcdSetD6   0x000113    program     static ../Main.asm              
               lcdResetD6   0x000115    program     static ../Main.asm              
                lcdTestD7   0x000116    program     static ../Main.asm              
                 lcdSetD7   0x000118    program     static ../Main.asm              
               lcdResetD7   0x00011a    program     static ../Main.asm              
           lcdPulseEnable   0x00011b    program     static ../Main.asm              
            isrInitialise   0x000121    program     extern ../Isr.asm               
              lcdDacValue   0x000020       data     static ../Isr.asm               
              lcdDacError   0x000021       data     static ../Isr.asm               
         lcdDacTimingEdge   0x000022       data     static ../Isr.asm               
                    wTemp   0x000070       data     static ../Main.asm              
           contextSavingW   0x000071       data     static ../Isr.asm               
      contextSavingStatus   0x000072       data     static ../Isr.asm               


